                                   MODFLOW 6
                U.S. GEOLOGICAL SURVEY MODULAR HYDROLOGIC MODEL
                          GROUNDWATER FLOW MODEL (GWF)
                            VERSION 6.7.0 02/05/2026

   MODFLOW 6 compiled Feb 05 2026 22:38:38 with Intel(R) Fortran Intel(R) 64
   Compiler Classic for applications running on Intel(R) 64, Version 2021.6.0
                             Build 20220226_000000

This software has been approved for release by the U.S. Geological 
Survey (USGS). Although the software has been subjected to rigorous 
review, the USGS reserves the right to update the software as needed 
pursuant to further analysis and review. No warranty, expressed or 
implied, is made by the USGS or the U.S. Government as to the 
functionality of the software and related material nor shall the 
fact of release constitute any such warranty. Furthermore, the 
software is released on condition that neither the USGS nor the U.S. 
Government shall be held liable for any damages resulting from its 
authorized or unauthorized use. Also refer to the USGS Water 
Resources Software User Rights Notice for complete use, copyright, 
and distribution information.


As a work of the United States Government, this USGS product is 
in the public domain within the United States. You can copy, 
modify, distribute, and perform the work, even for commercial 
purposes, all without asking permission. Additionally, USGS 
waives copyright and related rights in the work worldwide 
through CC0 1.0 Universal Public Domain Dedication 
(https://creativecommons.org/publicdomain/zero/1.0/).

The following GNU Lesser General Public License (LGPL) libraries
are used in this USGS product:

    SPARSKIT version 2.0
      ilut, luson, and qsplit 
      (https://www-users.cse.umn.edu/~saad/software/SPARSKIT/)

    RCM - Reverse Cuthill McKee Ordering
      (https://people.math.sc.edu/Burkardt/f_src/rcm/rcm.html)

    BLAS - Basic Linear Algebra Subprograms Level 1
      (https://people.math.sc.edu/Burkardt/f_src/blas1_d/blas1_d.html)

    SPARSEKIT - Sparse Matrix Utility Package
      amux, dperm, dvperm, rperm, and cperm
      (https://people.sc.fsu.edu/~jburkardt/f77_src/sparsekit/sparsekit.html)

The following BSD-3 License libraries are used in this USGS product:

    Modern Fortran DAG Library
      Copyright (c) 2018, Jacob Williams
      All rights reserved.
      (https://github.com/jacobwilliams/daglib)

MODFLOW 6 compiler options: -Isrc/libmf6_external.a.p -Isrc/libmf6core.a.p
-Isrc -I../src -D_FILE_OFFSET_BITS=64 -warn general -warn truncated_source
-stand=f18 -O2 -fpe0 -no-heap-arrays -traceback -diag-disable:7416
-diag-disable:7025 -diag-disable:5268 -fPIC -module src/libmf6core.a.p
-gen-dep=src/libmf6core.a.p/Utilities_compilerversion.F90.o
-gen-depformat=make -o src/libmf6core.a.p/Utilities_compilerversion.F90.o -c

System command used to initiate simulation:


MODFLOW was compiled using uniform precision.

Real Variables
  KIND: 8
  TINY (smallest non-zero value):    2.225074-308
  HUGE (largest value):    1.797693+308
  PRECISION: 15
  SIZE IN BITS: 64

Integer Variables
  KIND: 4
  HUGE (largest value): 2147483647
  SIZE IN BITS: 32

Long Integer Variables
  KIND: 8
  HUGE (largest value): 9223372036854775807
  SIZE IN BITS: 64

Logical Variables
  KIND: 4
  SIZE IN BITS: 32
 
 NAMEFILE OPTIONS:
    NEWTON-RAPHSON method enabled for the model.
    NEWTON-RAPHSON UNDER-RELAXATION based on the bottom elevation of the model will be applied to the model.
    FLOWS WILL BE SAVED TO BUDGET FILE SPECIFIED IN OUTPUT CONTROL
 END NAMEFILE OPTIONS:

 DIS -- STRUCTURED GRID DISCRETIZATION PACKAGE, VERSION 2 : 3/27/2014 - INPUT READ FROM MEMPATH: __INPUT__/ROGUE/DIS                               


 NPF -- NODE PROPERTY FLOW PACKAGE, VERSION 1, 3/30/2015 INPUT READ FROM MEMPATH: __INPUT__/ROGUE/NPF                               


 IC -- Initial Conditions Package, Version 8, 3/28/2015 input read from mempath: __INPUT__/ROGUE/IC                                


 Setting Discretization Options
    Model length unit [0=UND, 1=FEET, 2=METERS, 3=CENTIMETERS] set as 2
 End Setting Discretization Options

 Setting Discretization Dimensions
    NLAY = 6
    NROW = 165
    NCOL = 124
 End Setting Discretization Dimensions

 Setting Discretization Griddata
    DELR set from input file
    DELC set from input file
    TOP set from input file
    BOTM set from input file
    IDOMAIN set from input file
 End Setting Discretization Griddata


 The specified IDOMAIN results in a reduced number of cells.
 Number of user nodes: 122760
 Number of nodes in solution: 60068


 Setting NPF Options
    Specific discharge will be calculated at cell centers and written to DATA-SPDIS in budget file when requested.
 End Setting NPF Options

 Setting NPF Griddata
    ICELLTYPE set from input file
    K set from input file
    K33 set from input file
    K22 not provided.  Setting K22 = K.
 End Setting NPF Griddata


 WEL -- WEL PACKAGE, VERSION 8, 2/22/2014 INPUT READ FROM MEMPATH: __INPUT__/ROGUE/WEL_0                             

 PROCESSING WEL BASE OPTIONS
 END OF WEL BASE OPTIONS

 PROCESSING WEL OPTIONS
 END OF WEL OPTIONS

 PROCESSING WEL BASE DIMENSIONS
    MAXBOUND =    5030
 END OF WEL BASE DIMENSIONS

 DRN -- DRN PACKAGE, VERSION 8, 2/22/2014 INPUT READ FROM MEMPATH: __INPUT__/ROGUE/DRN_0                             

 PROCESSING DRN BASE OPTIONS
 END OF DRN BASE OPTIONS

 PROCESSING DRN OPTIONS
 END OF DRN OPTIONS

 PROCESSING DRN BASE DIMENSIONS
    MAXBOUND =   11727
 END OF DRN BASE DIMENSIONS

 RIV -- RIV PACKAGE, VERSION 8, 2/22/2014 INPUT READ FROM MEMPATH: __INPUT__/ROGUE/RIV_0                             

 PROCESSING RIV BASE OPTIONS
 END OF RIV BASE OPTIONS

 PROCESSING RIV OPTIONS
 END OF RIV OPTIONS

 PROCESSING RIV BASE DIMENSIONS
    MAXBOUND =    2279
 END OF RIV BASE DIMENSIONS

 RCH -- RCH PACKAGE, VERSION 8, 2/22/2014 INPUT READ FROM MEMPATH: __INPUT__/ROGUE/RCHA_0                            

 PROCESSING RCH BASE OPTIONS
    PACKAGE INPUT WILL BE READ AS LAYER ARRAYS.
 END OF RCH BASE OPTIONS

 PROCESSING RCHA OPTIONS
 END OF RCHA OPTIONS

 CHD -- CHD PACKAGE, VERSION 8, 2/22/2014 INPUT READ FROM MEMPATH: __INPUT__/ROGUE/CHD_0                             

 PROCESSING CHD BASE OPTIONS
 END OF CHD BASE OPTIONS

 PROCESSING CHD BASE DIMENSIONS
    MAXBOUND =    5158
 END OF CHD BASE DIMENSIONS
    STRT set from input file

 STO -- STORAGE PACKAGE, VERSION 1, 5/19/2014 INPUT READ FROM MEMPATH: __INPUT__/ROGUE/STO                               


 PROCESSING STORAGE OPTIONS
 END OF STORAGE OPTIONS
    BINARY GRID INFORMATION WILL BE WRITTEN TO:
      UNIT NUMBER: 1047
      FILE NAME: rogue.dis.grb

 OPENED rogue.dis.grb
 FILE TYPE:DATA(BINARY)   UNIT 1047   STATUS:REPLACE             
 FORMAT:UNFORMATTED            ACCESS:STREAM              
 ACTION:READWRITE           

      THE LAST TIME STEP WILL BE PRINTED
      THE LAST TIME STEP WILL BE PRINTED

 PROCESSING OC OPTIONS

    BUDGET INFORMATION WILL BE WRITTEN TO:
      UNIT NUMBER: 1048
      FILE NAME: rogue.cbc

 OPENED rogue.cbc
 FILE TYPE:DATA(BINARY)   UNIT 1048   STATUS:REPLACE             
 FORMAT:UNFORMATTED            ACCESS:STREAM              
 ACTION:READWRITE           

    HEAD INFORMATION WILL BE WRITTEN TO:
      UNIT NUMBER: 1049
      FILE NAME: rogue.hds

 OPENED rogue.hds
 FILE TYPE:DATA(BINARY)   UNIT 1049   STATUS:REPLACE             
 FORMAT:UNFORMATTED            ACCESS:STREAM              
 ACTION:READWRITE           

 END OF OC OPTIONS

start timestep kper="1" kstp="1" mode="normal"


 BEGIN READING OUTPUT CONTROL FOR STRESS PERIOD 1
      ALL TIME STEPS WILL BE SAVED
      ALL TIME STEPS WILL BE SAVED

 END READING OUTPUT CONTROL FOR STRESS PERIOD 1


 PROCESSING STORAGE PERIOD DATA
 END PROCESSING STORAGE PERIOD DATA


 STRESS PERIOD 1 IS STEADY-STATE

 UBDSV1 SAVING           STO-SS ON UNIT   1048 AT TIME STEP      1, STRESS PERIOD      1
 UBDSV1 SAVING           STO-SY ON UNIT   1048 AT TIME STEP      1, STRESS PERIOD      1
 UBDSV1 SAVING     FLOW-JA-FACE ON UNIT   1048 AT TIME STEP      1, STRESS PERIOD      1
 UBDSV06 SAVING       DATA-SPDIS IN MODEL ROGUE            PACKAGE NPF             CONNECTED TO MODEL ROGUE            PACKAGE NPF              ON UNIT   1048 AT TIME STEP      1, STRESS PERIOD      1
 UBDSV06 SAVING              WEL IN MODEL ROGUE            PACKAGE ROGUE           CONNECTED TO MODEL ROGUE            PACKAGE WEL_0            ON UNIT   1048 AT TIME STEP      1, STRESS PERIOD      1
 UBDSV06 SAVING              DRN IN MODEL ROGUE            PACKAGE ROGUE           CONNECTED TO MODEL ROGUE            PACKAGE DRN_0            ON UNIT   1048 AT TIME STEP      1, STRESS PERIOD      1
 UBDSV06 SAVING              RIV IN MODEL ROGUE            PACKAGE ROGUE           CONNECTED TO MODEL ROGUE            PACKAGE RIV_0            ON UNIT   1048 AT TIME STEP      1, STRESS PERIOD      1
 UBDSV06 SAVING             RCHA IN MODEL ROGUE            PACKAGE ROGUE           CONNECTED TO MODEL ROGUE            PACKAGE RCHA_0           ON UNIT   1048 AT TIME STEP      1, STRESS PERIOD      1
 UBDSV06 SAVING              CHD IN MODEL ROGUE            PACKAGE ROGUE           CONNECTED TO MODEL ROGUE            PACKAGE CHD_0            ON UNIT   1048 AT TIME STEP      1, STRESS PERIOD      1

 HEAD WILL BE SAVED ON UNIT 1049 AT END OF TIME STEP    1, STRESS PERIOD    1


  VOLUME BUDGET FOR ENTIRE MODEL AT END OF TIME STEP    1, STRESS PERIOD   1
  ---------------------------------------------------------------------------------------------------

     CUMULATIVE VOLUME      L**3       RATES FOR THIS TIME STEP      L**3/T          PACKAGE NAME    
     ------------------                 ------------------------                     ----------------

           IN:                                      IN:
           ---                                      ---
              STO-SS =           0.0000                STO-SS =           0.0000     STORAGE                          
              STO-SY =           0.0000                STO-SY =           0.0000     STORAGE                          
                 WEL =           0.0000                   WEL =           0.0000     WEL_0                            
                 DRN =           0.0000                   DRN =           0.0000     DRN_0                            
                 RIV =        1388.2784                   RIV =        1388.2784     RIV_0                            
                RCHA =      796109.9123                  RCHA =      796109.9123     RCHA_0                           
                 CHD =      585843.0554                   CHD =      585843.0554     CHD_0                            

            TOTAL IN =     1383341.2460              TOTAL IN =     1383341.2460

          OUT:                                     OUT:
          ----                                     ----
              STO-SS =           0.0000                STO-SS =           0.0000     STORAGE                          
              STO-SY =           0.0000                STO-SY =           0.0000     STORAGE                          
                 WEL =      570343.0686                   WEL =      570343.0686     WEL_0                            
                 DRN =      744330.0930                   DRN =      744330.0930     DRN_0                            
                 RIV =           0.0000                   RIV =           0.0000     RIV_0                            
                RCHA =           0.0000                  RCHA =           0.0000     RCHA_0                           
                 CHD =       68674.9166                   CHD =       68674.9166     CHD_0                            

           TOTAL OUT =     1383348.0782             TOTAL OUT =     1383348.0782

            IN - OUT =          -6.8322              IN - OUT =          -6.8322

 PERCENT DISCREPANCY =          -0.00     PERCENT DISCREPANCY =          -0.00




         TIME SUMMARY AT END OF TIME STEP    1 IN STRESS PERIOD    1
                    SECONDS     MINUTES      HOURS       DAYS        YEARS
                    -----------------------------------------------------------
   TIME STEP LENGTH  86400.      1440.0      24.000      1.0000     2.73785E-03
 STRESS PERIOD TIME  86400.      1440.0      24.000      1.0000     2.73785E-03
         TOTAL TIME  86400.      1440.0      24.000      1.0000     2.73785E-03


end timestep

